// Jest Snapshot v1, https://goo.gl/fbAQLP

exports[`renders 1`] = `
<div
  class="sc-EHOje lpawV"
>
  <h1
    class="sc-bZQynM gIPWju"
  >
    Learning Assets Preview
  </h1>
  <ul
    class="sc-ifAKCX hcmkp"
  />
</div>
`;
